Areas 1
such 2
as 3
operating 1
systems, 1
networks 1
and 11
embedded 1
systems 1
investigate 1
the 3
principles 1
design 1
behind 1
complex 1
systems. 1
Computer 1
architecture 1
describes 1
construction 1
of 2
computer 4
components 1
computer-operated 1
equipment. 1
Artificial 1
intelligence 1
machine 1
learning 2
aim 1
to 3
synthesize 1
goal-orientated 1
processes 1
problem-solving, 1
decision-making, 1
environmental 1
adaptation, 1
planning 1
found 1
in 2
humans 1
animals. 1
Within 1
artificial 1
intelligence, 1
vision 1
aims 2
understand 2
process 2
image 1
video 1
data, 1
while 1
natural 1
language 1
processing 1
textual 1
linguistic 1
data. 1
The 2
fundamental 1
concern 1
science 1
is 2
determining 1
what 1
can 1
cannot 1
be 1
automated.[7][8][9][10][11] 1
Turing 1
Award 1
generally 1
recognized 1
highest 1
distinction 1
science.[12][13] 1
